
> taskspot@1.0.0 build
> next build

  Ôû▓ Next.js 14.2.35
  - Environments: .env

node.exe : 
At line:1 char:1
+ & "C:\Program Files\nodejs/node.exe" "C:\Program Files\nodejs/node_mo ...
+ ~~~~~~~~~~~~~~~~~~~~~~~~~~~~~~~~~~~~~~~~~~~~~~~~~~~~~~~~~~~~~~~~~~~~~
    + CategoryInfo          : NotSpecified: (:String) [], RemoteException
    + FullyQualifiedErrorId : NativeCommandError
 
> Build error occurred
Error: EINVAL: invalid argument, readlink 'C:\Users\wiliam t\OneDrive\Desktop\cpa 
mm\.next\server\interception-route-rewrite-manifest.js'
    at async Object.readlink (node:internal/fs/promises:976:10)
    at async C:\Users\wiliam t\OneDrive\Desktop\cpa 
mm\node_modules\next\dist\lib\recursive-delete.js:58:30
    at async Promise.all (index 4)
    at async recursiveDelete (C:\Users\wiliam t\OneDrive\Desktop\cpa 
mm\node_modules\next\dist\lib\recursive-delete.js:51:5)
    at async C:\Users\wiliam t\OneDrive\Desktop\cpa 
mm\node_modules\next\dist\lib\recursive-delete.js:68:17
    at async Promise.all (index 6)
    at async recursiveDelete (C:\Users\wiliam t\OneDrive\Desktop\cpa 
mm\node_modules\next\dist\lib\recursive-delete.js:51:5)
    at async C:\Users\wiliam t\OneDrive\Desktop\cpa 
mm\node_modules\next\dist\build\index.js:694:17
    at async Span.traceAsyncFn (C:\Users\wiliam t\OneDrive\Desktop\cpa 
mm\node_modules\next\dist\trace\trace.js:154:20)
    at async build (C:\Users\wiliam t\OneDrive\Desktop\cpa 
mm\node_modules\next\dist\build\index.js:368:9) {
  errno: -4071,
  code: 'EINVAL',
  syscall: 'readlink',
  path: 'C:\\Users\\wiliam t\\OneDrive\\Desktop\\cpa 
mm\\.next\\server\\interception-route-rewrite-manifest.js'
}
